// Jest Snapshot v1, https://goo.gl/fbAQLP

exports[`<DateWithIcon /> Should render and match the snapshot 1`] = `
<div
  class="npApp_date-with-icon"
>
  <span />
  2016-01-01
</div>
`;
