// Jest Snapshot v1, https://goo.gl/fbAQLP

exports[`<Thumbnail /> Should render and match the snapshot 1`] = `
<div
  class="npApp_thumbnail"
>
  fake-image-source
</div>
`;
